// Jest Snapshot v1, https://goo.gl/fbAQLP

exports[`it detects errors 1`] = `"31:44 - Cannot assign object literal to \`unknownProperty\` because property \`unknownProperty\` is missing in \`Properties\` [1] but exists in object literal [2]."`;
